{
    "stdout5": {
        "modified": "2021-07-24 18:49:48.934811",
        "size": "0.27KB",
        "md5": "fc8683ca71c2bba049397cc949cd09b4",
        "sha256": "7adeb97608e2c0146fe81d66e8976cb49260dd3f11db6db308fcab7448123d4e"
    },
    "Metadata": {
        "Content-Encoding": "ISO-8859-1",
        "Content-Type": "text/plain; charset=ISO-8859-1",
        "X-Parsed-By": [
            "org.apache.tika.parser.DefaultParser",
            "org.apache.tika.parser.csv.TextAndCSVParser"
        ],
        "X-TIKA:content_handler": "ToTextContentHandler",
        "X-TIKA:embedded_depth": "0",
        "X-TIKA:parse_time_millis": "1",
        "resourceName": "b'stdout5'"
    }
}