{
    "stderr11": {
        "modified": "2020-10-06 13:42:11.148767",
        "size": "3.96KB",
        "md5": "bb2360122581fb74d90b866606d2dcd7",
        "sha256": "0670edb60183bf5de4394371ca7359ee98a803dd0c5a2242de99adce7432b5e8"
    },
    "Metadata": {
        "Content-Encoding": "ISO-8859-1",
        "Content-Type": "text/plain; charset=ISO-8859-1",
        "X-Parsed-By": [
            "org.apache.tika.parser.DefaultParser",
            "org.apache.tika.parser.csv.TextAndCSVParser"
        ],
        "X-TIKA:content_handler": "ToTextContentHandler",
        "X-TIKA:embedded_depth": "0",
        "X-TIKA:parse_time_millis": "1",
        "resourceName": "b'stderr11'"
    }
}