{
    "stderr1": {
        "modified": "2021-07-24 18:49:48.118160",
        "size": "21.97KB",
        "md5": "8d0aa49cadb6a371484ab1fa040eeb56",
        "sha256": "7b719e03998d10a5968bf91ddcbd7a0bf31157709fda8639b993458e11428a86"
    },
    "Metadata": {
        "Content-Encoding": "ISO-8859-1",
        "Content-Type": "text/plain; charset=ISO-8859-1",
        "X-Parsed-By": [
            "org.apache.tika.parser.DefaultParser",
            "org.apache.tika.parser.csv.TextAndCSVParser"
        ],
        "X-TIKA:content_handler": "ToTextContentHandler",
        "X-TIKA:embedded_depth": "0",
        "X-TIKA:parse_time_millis": "1",
        "resourceName": "b'stderr1'"
    }
}