{
    "stderra": {
        "modified": "2020-10-06 13:42:11.174407",
        "size": "1.79KB",
        "md5": "146b9fc908a12cea4837b94d9cc2c110",
        "sha256": "20b0b40fe673a63531a7d5e34d45b6b0ad6b0527509ef7465a68516c2b673a64"
    },
    "Metadata": {
        "Content-Encoding": "ISO-8859-1",
        "Content-Type": "text/plain; charset=ISO-8859-1",
        "X-Parsed-By": [
            "org.apache.tika.parser.DefaultParser",
            "org.apache.tika.parser.csv.TextAndCSVParser"
        ],
        "X-TIKA:content_handler": "ToTextContentHandler",
        "X-TIKA:embedded_depth": "0",
        "X-TIKA:parse_time_millis": "1",
        "resourceName": "b'stderra'"
    }
}