{
    "stdout7": {
        "modified": "2021-07-24 18:49:48.931478",
        "size": "0.26KB",
        "md5": "915a698b2c084324ac2904ef5498c70b",
        "sha256": "a961ec25ae264ff11589da3ef3766d25f05553b2cb86e667ea2780699211fa27"
    },
    "Metadata": {
        "Content-Encoding": "ISO-8859-1",
        "Content-Type": "text/plain; charset=ISO-8859-1",
        "X-Parsed-By": [
            "org.apache.tika.parser.DefaultParser",
            "org.apache.tika.parser.csv.TextAndCSVParser"
        ],
        "X-TIKA:content_handler": "ToTextContentHandler",
        "X-TIKA:embedded_depth": "0",
        "X-TIKA:parse_time_millis": "1",
        "resourceName": "b'stdout7'"
    }
}