{
    "stderr2": {
        "modified": "2020-10-06 13:42:11.156767",
        "size": "4.1KB",
        "md5": "55fe0ba306a2c0408d1273dec7d12a75",
        "sha256": "44e18f05b3dbfe3167c43434c0b37bec0ce7089a8741f97606f5bbe0ac643bc0"
    },
    "Metadata": {
        "Content-Encoding": "ISO-8859-1",
        "Content-Type": "text/plain; charset=ISO-8859-1",
        "X-Parsed-By": [
            "org.apache.tika.parser.DefaultParser",
            "org.apache.tika.parser.csv.TextAndCSVParser"
        ],
        "X-TIKA:content_handler": "ToTextContentHandler",
        "X-TIKA:embedded_depth": "0",
        "X-TIKA:parse_time_millis": "1",
        "resourceName": "b'stderr2'"
    }
}