{
    "MIPMAP1.MEM": {
        "modified": "1997-04-27 16:40:20",
        "size": "2048.0KB",
        "md5": "5ec378bbf5882856e1f8df33cf210cb6",
        "sha256": "7e6a048874b908bca171b01c2395e26297fd5668cbefb7f1eb3404a795e6964d"
    },
    "Metadata": {
        "Content-Type": "application/octet-stream",
        "X-Parsed-By": "org.apache.tika.parser.EmptyParser",
        "X-TIKA:embedded_depth": "0",
        "X-TIKA:parse_time_millis": "0",
        "resourceName": "b'MIPMAP1.MEM'"
    }
}