{
    "tmp.29485": {
        "modified": "2004-11-13 23:49:11",
        "size": "272.27KB",
        "md5": "185c45474ef366348da8efa6a14f89e5",
        "sha256": "69affe69d155d5408e4bf984ceb8893fff9f8963dbb3eb29081be162507d813f"
    },
    "Metadata": {
        "Content-Type": "application/octet-stream",
        "X-Parsed-By": "org.apache.tika.parser.EmptyParser",
        "X-TIKA:embedded_depth": "0",
        "X-TIKA:parse_time_millis": "1",
        "resourceName": "b'tmp.29485'"
    }
}