{
    "image27.rgb": {
        "modified": "1995-04-25 16:45:13",
        "size": "16.95KB",
        "md5": "3a79dd0100dba18f630c277ce864b969",
        "sha256": "08a5853cac9db7fdc7c87ce548b9d76ec99b2487c00cd69e2e44c24a322b8ba5"
    },
    "Metadata": {
        "Content-Type": "image/x-rgb",
        "X-Parsed-By": "org.apache.tika.parser.EmptyParser",
        "X-TIKA:embedded_depth": "0",
        "X-TIKA:parse_time_millis": "0",
        "resourceName": "b'image27.rgb'"
    }
}