{
    "stderr1": {
        "modified": "2021-07-24 18:49:48.121493",
        "size": "2.23KB",
        "md5": "cd83922c824045b1b66b421de61899ea",
        "sha256": "0ab51dbe4b565e628ac4148387892adf601990012699e271d39fe2f87504d671"
    },
    "Metadata": {
        "Content-Encoding": "ISO-8859-1",
        "Content-Type": "text/plain; charset=ISO-8859-1",
        "X-Parsed-By": [
            "org.apache.tika.parser.DefaultParser",
            "org.apache.tika.parser.csv.TextAndCSVParser"
        ],
        "X-TIKA:content_handler": "ToTextContentHandler",
        "X-TIKA:embedded_depth": "0",
        "X-TIKA:parse_time_millis": "0",
        "resourceName": "b'stderr1'"
    }
}