{
    "stderr8": {
        "modified": "2021-07-24 18:49:48.121493",
        "size": "1.65KB",
        "md5": "4888eafd7dfc5cb3f08c9d7f53285031",
        "sha256": "4d466860853b4bc63466731381ca86f9e6a432d2d34d0ad88069380735ae86b9"
    },
    "Metadata": {
        "Content-Encoding": "ISO-8859-1",
        "Content-Type": "text/plain; charset=ISO-8859-1",
        "X-Parsed-By": [
            "org.apache.tika.parser.DefaultParser",
            "org.apache.tika.parser.csv.TextAndCSVParser"
        ],
        "X-TIKA:content_handler": "ToTextContentHandler",
        "X-TIKA:embedded_depth": "0",
        "X-TIKA:parse_time_millis": "1",
        "resourceName": "b'stderr8'"
    }
}