{
    "stderra": {
        "modified": "2021-07-24 18:49:48.121493",
        "size": "1.78KB",
        "md5": "c5fc8d166d807cd625c45a254d86b24d",
        "sha256": "42e834700d1e532feeb82b15f44fa5bfc37beaa42e6f1649073b18dda496f319"
    },
    "Metadata": {
        "Content-Encoding": "ISO-8859-1",
        "Content-Type": "text/plain; charset=ISO-8859-1",
        "X-Parsed-By": [
            "org.apache.tika.parser.DefaultParser",
            "org.apache.tika.parser.csv.TextAndCSVParser"
        ],
        "X-TIKA:content_handler": "ToTextContentHandler",
        "X-TIKA:embedded_depth": "0",
        "X-TIKA:parse_time_millis": "1",
        "resourceName": "b'stderra'"
    }
}