{
    "image11.rgb": {
        "modified": "1995-04-19 22:14:45",
        "size": "13.15KB",
        "md5": "473428be160d4b3ee99c1c22c4d72c9e",
        "sha256": "18d4896e58b292b54530175f8458ff4070e69f471d9ffb7bdf7df2b1db1a207d"
    },
    "Metadata": {
        "Content-Type": "image/x-rgb",
        "X-Parsed-By": "org.apache.tika.parser.EmptyParser",
        "X-TIKA:embedded_depth": "0",
        "X-TIKA:parse_time_millis": "0",
        "resourceName": "b'image11.rgb'"
    }
}