{
    "rpt.msg.TIM-102": {
        "modified": "2020-10-06 13:40:42.129892",
        "size": "0.73KB",
        "md5": "a6ba06a3bdc8f94fda707e3f1b4c3773",
        "sha256": "9fbdd004e0bf4b533f60b071e2ee6ad1509fac88e7eb77ee8152d2d724ff8a81"
    },
    "Metadata": {
        "Content-Encoding": "ISO-8859-1",
        "Content-Type": "text/plain; charset=ISO-8859-1",
        "X-Parsed-By": [
            "org.apache.tika.parser.DefaultParser",
            "org.apache.tika.parser.csv.TextAndCSVParser"
        ],
        "X-TIKA:content_handler": "ToTextContentHandler",
        "X-TIKA:embedded_depth": "0",
        "X-TIKA:parse_time_millis": "0",
        "resourceName": "b'rpt.msg.TIM-102'"
    }
}