{
    "rpt.msg.LBR-58": {
        "modified": "2020-10-06 13:40:42.129892",
        "size": "2.06KB",
        "md5": "75c28e3c4c0aea408c1cd4942e077dbd",
        "sha256": "34c50a72d3b789f4e35c86513ea23fe8cbba6b4a1d569e19d7c637c74bda478e"
    },
    "Metadata": {
        "Content-Encoding": "ISO-8859-1",
        "Content-Type": "text/plain; charset=ISO-8859-1",
        "X-Parsed-By": [
            "org.apache.tika.parser.DefaultParser",
            "org.apache.tika.parser.csv.TextAndCSVParser"
        ],
        "X-TIKA:content_handler": "ToTextContentHandler",
        "X-TIKA:embedded_depth": "0",
        "X-TIKA:parse_time_millis": "1",
        "resourceName": "b'rpt.msg.LBR-58'"
    }
}