{
    "rpt.msg.LBR-72": {
        "modified": "2020-10-06 13:40:42.129892",
        "size": "11.12KB",
        "md5": "c9d9ca174ca30aeb42272d38facc8c31",
        "sha256": "834235b462f37d1aa77bba53be5df13b8c1668b678939d2d6058e2ba1ff8d66a"
    },
    "Metadata": {
        "Content-Encoding": "ISO-8859-1",
        "Content-Type": "text/plain; charset=ISO-8859-1",
        "X-Parsed-By": [
            "org.apache.tika.parser.DefaultParser",
            "org.apache.tika.parser.csv.TextAndCSVParser"
        ],
        "X-TIKA:content_handler": "ToTextContentHandler",
        "X-TIKA:embedded_depth": "0",
        "X-TIKA:parse_time_millis": "1",
        "resourceName": "b'rpt.msg.LBR-72'"
    }
}