{
    "rpt.msg.CDFG2G-502": {
        "modified": "2020-10-06 13:40:42.128893",
        "size": "7.09KB",
        "md5": "20472ca58e7775169dc14238a641c0dd",
        "sha256": "cff674266a818405f1b130d87f72a809aa786a02709a796721f45f34cb111026"
    },
    "Metadata": {
        "Content-Encoding": "ISO-8859-1",
        "Content-Type": "text/plain; charset=ISO-8859-1",
        "X-Parsed-By": [
            "org.apache.tika.parser.DefaultParser",
            "org.apache.tika.parser.csv.TextAndCSVParser"
        ],
        "X-TIKA:content_handler": "ToTextContentHandler",
        "X-TIKA:embedded_depth": "0",
        "X-TIKA:parse_time_millis": "1",
        "resourceName": "b'rpt.msg.CDFG2G-502'"
    }
}