{
    "snap30.rgb": {
        "modified": "1995-04-26 16:38:36",
        "size": "20.88KB",
        "md5": "7a71ccd7203a677fe7682a483de8c073",
        "sha256": "888b6e530111b4dd0cee2d705ba2292df093540efca9eeca738bb3986c9b8c53"
    },
    "Metadata": {
        "Content-Type": "image/x-rgb",
        "X-Parsed-By": "org.apache.tika.parser.EmptyParser",
        "X-TIKA:embedded_depth": "0",
        "X-TIKA:parse_time_millis": "0",
        "resourceName": "b'snap30.rgb'"
    }
}