{
    "image17.rgb": {
        "modified": "1995-04-20 14:24:40",
        "size": "17.94KB",
        "md5": "6129bfa528bfb304cbfebdfbe3f37ef6",
        "sha256": "609e093745fbb9afdb5b0c1b892a8146abc6f026748c57272469045813dc87c5"
    },
    "Metadata": {
        "Content-Type": "image/x-rgb",
        "X-Parsed-By": "org.apache.tika.parser.EmptyParser",
        "X-TIKA:embedded_depth": "0",
        "X-TIKA:parse_time_millis": "0",
        "resourceName": "b'image17.rgb'"
    }
}