{
    "stderr9": {
        "modified": "2021-07-24 18:49:49.371470",
        "size": "17.03KB",
        "md5": "33af2734f7f933e4713383add143a1e9",
        "sha256": "4769a143366f18815b7748f619c6aca9d9d3b27a39aea553d318518290be256f"
    },
    "Metadata": {
        "Content-Encoding": "ISO-8859-1",
        "Content-Type": "text/plain; charset=ISO-8859-1",
        "X-Parsed-By": [
            "org.apache.tika.parser.DefaultParser",
            "org.apache.tika.parser.csv.TextAndCSVParser"
        ],
        "X-TIKA:content_handler": "ToTextContentHandler",
        "X-TIKA:embedded_depth": "0",
        "X-TIKA:parse_time_millis": "2",
        "resourceName": "b'stderr9'"
    }
}