{
    "stdout10": {
        "modified": "2021-07-24 18:49:46.228196",
        "size": "0.25KB",
        "md5": "a8e0ac5e1e38c28fd77394120d6e8b14",
        "sha256": "373e43c144c1736e5091816ab7d66cab1c81aab50f558bfcb407115a58110cff"
    },
    "Metadata": {
        "Content-Encoding": "ISO-8859-1",
        "Content-Type": "text/plain; charset=ISO-8859-1",
        "X-Parsed-By": [
            "org.apache.tika.parser.DefaultParser",
            "org.apache.tika.parser.csv.TextAndCSVParser"
        ],
        "X-TIKA:content_handler": "ToTextContentHandler",
        "X-TIKA:embedded_depth": "0",
        "X-TIKA:parse_time_millis": "1",
        "resourceName": "b'stdout10'"
    }
}