{
    "stdout11": {
        "modified": "2021-07-24 18:49:46.228196",
        "size": "0.25KB",
        "md5": "e5a084d9628c38b63968a5d26a097160",
        "sha256": "ebc345408c1a46502358ec81b44c4fd9c4478ba85db1f1e5b44d6cf3011fba8c"
    },
    "Metadata": {
        "Content-Encoding": "ISO-8859-1",
        "Content-Type": "text/plain; charset=ISO-8859-1",
        "X-Parsed-By": [
            "org.apache.tika.parser.DefaultParser",
            "org.apache.tika.parser.csv.TextAndCSVParser"
        ],
        "X-TIKA:content_handler": "ToTextContentHandler",
        "X-TIKA:embedded_depth": "0",
        "X-TIKA:parse_time_millis": "1",
        "resourceName": "b'stdout11'"
    }
}