{
    "stdout9": {
        "modified": "2021-07-24 18:49:46.228196",
        "size": "1.47KB",
        "md5": "c90e64db161f3fd23af59bac9e3b6781",
        "sha256": "839e1100f8615616e5a6cd97a1c2abc11f38a568bdc9835599158398e2912875"
    },
    "Metadata": {
        "Content-Encoding": "ISO-8859-1",
        "Content-Type": "text/plain; charset=ISO-8859-1",
        "X-Parsed-By": [
            "org.apache.tika.parser.DefaultParser",
            "org.apache.tika.parser.csv.TextAndCSVParser"
        ],
        "X-TIKA:content_handler": "ToTextContentHandler",
        "X-TIKA:embedded_depth": "0",
        "X-TIKA:parse_time_millis": "0",
        "resourceName": "b'stdout9'"
    }
}