{
    "image30.rgb": {
        "modified": "1995-04-26 17:52:36",
        "size": "28.95KB",
        "md5": "b10c8cb73ee7fbcbe6e060b5cea1502e",
        "sha256": "3af377045c6c9a9c7bf3c68312d894c9380194e1e95ddb0049b8989f6eb0a95e"
    },
    "Metadata": {
        "Content-Type": "image/x-rgb",
        "X-Parsed-By": "org.apache.tika.parser.EmptyParser",
        "X-TIKA:embedded_depth": "0",
        "X-TIKA:parse_time_millis": "0",
        "resourceName": "b'image30.rgb'"
    }
}