{
    "tmp.29619": {
        "modified": "2004-11-14 00:01:39",
        "size": "272.27KB",
        "md5": "e6601d148f4dc3397e61454783ef6259",
        "sha256": "144626cc6386af62f680d39813c8b299c26c57f6ebf95a4b2bcacc8f2501b92f"
    },
    "Metadata": {
        "Content-Type": "application/octet-stream",
        "X-Parsed-By": "org.apache.tika.parser.EmptyParser",
        "X-TIKA:embedded_depth": "0",
        "X-TIKA:parse_time_millis": "1",
        "resourceName": "b'tmp.29619'"
    }
}