{
    "stderr6": {
        "modified": "2021-07-24 18:49:46.231529",
        "size": "1.18KB",
        "md5": "66f8918ef915ba256808fe71a1def3da",
        "sha256": "0d7c4fcf2e1899da2f73fa4f4f0a1593c10ecce180d8501e3c824b282d825cf1"
    },
    "Metadata": {
        "Content-Encoding": "ISO-8859-1",
        "Content-Type": "text/plain; charset=ISO-8859-1",
        "X-Parsed-By": [
            "org.apache.tika.parser.DefaultParser",
            "org.apache.tika.parser.csv.TextAndCSVParser"
        ],
        "X-TIKA:content_handler": "ToTextContentHandler",
        "X-TIKA:embedded_depth": "0",
        "X-TIKA:parse_time_millis": "1",
        "resourceName": "b'stderr6'"
    }
}