{
    "stderr8": {
        "modified": "2021-07-24 18:49:46.231529",
        "size": "1.65KB",
        "md5": "ba39bdc555d09ce4c7d02d9f0487526f",
        "sha256": "22c974f835dbbe92f13ebf702259e1c84a70d8992f3b244bf59c4675e547dc16"
    },
    "Metadata": {
        "Content-Encoding": "ISO-8859-1",
        "Content-Type": "text/plain; charset=ISO-8859-1",
        "X-Parsed-By": [
            "org.apache.tika.parser.DefaultParser",
            "org.apache.tika.parser.csv.TextAndCSVParser"
        ],
        "X-TIKA:content_handler": "ToTextContentHandler",
        "X-TIKA:embedded_depth": "0",
        "X-TIKA:parse_time_millis": "1",
        "resourceName": "b'stderr8'"
    }
}