{
    "image23.rgb": {
        "modified": "1995-04-24 15:46:02",
        "size": "11.54KB",
        "md5": "5f0037989db366d0f55ea6bc96cd7ded",
        "sha256": "0c9c10c53db0f46ea55365e1d890e9faa80f42edff9f87d3ad77b1bd6eb3e442"
    },
    "Metadata": {
        "Content-Type": "image/x-rgb",
        "X-Parsed-By": "org.apache.tika.parser.EmptyParser",
        "X-TIKA:embedded_depth": "0",
        "X-TIKA:parse_time_millis": "1",
        "resourceName": "b'image23.rgb'"
    }
}