{
    "stdout3": {
        "modified": "2021-07-24 18:49:48.931478",
        "size": "3.25KB",
        "md5": "4c4da5274906d0000c44427984eca6b2",
        "sha256": "83d22f6a11936aa082149c9d56296866abb7794dff18e29fab7aadf06123984d"
    },
    "Metadata": {
        "Content-Encoding": "ISO-8859-1",
        "Content-Type": "text/plain; charset=ISO-8859-1",
        "X-Parsed-By": [
            "org.apache.tika.parser.DefaultParser",
            "org.apache.tika.parser.csv.TextAndCSVParser"
        ],
        "X-TIKA:content_handler": "ToTextContentHandler",
        "X-TIKA:embedded_depth": "0",
        "X-TIKA:parse_time_millis": "1",
        "resourceName": "b'stdout3'"
    }
}