{
    "stderr8": {
        "modified": "2021-07-24 18:49:49.374803",
        "size": "10.98KB",
        "md5": "59eae255b8425396fa9107401453f48e",
        "sha256": "621c4bf11ecb1099ad638049833fee8d0bfdbeb107d9eb04d8c65726a491d90f"
    },
    "Metadata": {
        "Content-Encoding": "ISO-8859-1",
        "Content-Type": "text/plain; charset=ISO-8859-1",
        "X-Parsed-By": [
            "org.apache.tika.parser.DefaultParser",
            "org.apache.tika.parser.csv.TextAndCSVParser"
        ],
        "X-TIKA:content_handler": "ToTextContentHandler",
        "X-TIKA:embedded_depth": "0",
        "X-TIKA:parse_time_millis": "1",
        "resourceName": "b'stderr8'"
    }
}