{
    "image14.rgb": {
        "modified": "1995-04-19 22:09:50",
        "size": "12.8KB",
        "md5": "eddb479fc3a4f9fbd2d8c3cc2ca0d492",
        "sha256": "b901dfa54e92db18c72c3791c81d4f056e000d4d67b4dd54f249aaa78d226630"
    },
    "Metadata": {
        "Content-Type": "image/x-rgb",
        "X-Parsed-By": "org.apache.tika.parser.EmptyParser",
        "X-TIKA:embedded_depth": "0",
        "X-TIKA:parse_time_millis": "0",
        "resourceName": "b'image14.rgb'"
    }
}