{
    "tmp.29718": {
        "modified": "2004-11-14 00:14:49",
        "size": "256.25KB",
        "md5": "c527d314a45191cf66377391aa83e943",
        "sha256": "c97f47f786db3aa185099ac26b7d208dbac9ebb42c1594740a9c146709ae91f7"
    },
    "Metadata": {
        "Content-Type": "audio/mpeg",
        "X-Parsed-By": [
            "org.apache.tika.parser.DefaultParser",
            "org.apache.tika.parser.mp3.Mp3Parser"
        ],
        "X-TIKA:content_handler": "ToTextContentHandler",
        "X-TIKA:embedded_depth": "0",
        "X-TIKA:parse_time_millis": "6",
        "channels": "2",
        "resourceName": "b'tmp.29718'",
        "samplerate": "44100",
        "version": "MPEG 3 Layer II Version 1",
        "xmpDM:audioChannelType": "Stereo",
        "xmpDM:audioCompressor": "MP3",
        "xmpDM:audioSampleRate": "44100",
        "xmpDM:duration": "50.12245178222656"
    }
}