{
    "stdout8": {
        "modified": "2020-10-06 13:42:11.165407",
        "size": "0.23KB",
        "md5": "6549c6ac38312cf5f5e9807cd285c35c",
        "sha256": "9b15fa65d282e22ae6acabfe4ad0b1ab0ea1d5244343a2dccdfce1654be4344f"
    },
    "Metadata": {
        "Content-Encoding": "ISO-8859-1",
        "Content-Type": "text/plain; charset=ISO-8859-1",
        "X-Parsed-By": [
            "org.apache.tika.parser.DefaultParser",
            "org.apache.tika.parser.csv.TextAndCSVParser"
        ],
        "X-TIKA:content_handler": "ToTextContentHandler",
        "X-TIKA:embedded_depth": "0",
        "X-TIKA:parse_time_millis": "1",
        "resourceName": "b'stdout8'"
    }
}