{
    "stderr1": {
        "modified": "2021-07-24 18:49:46.231529",
        "size": "1.06KB",
        "md5": "891bb90cfd8da771bab2f0578094412f",
        "sha256": "60d3bf29b8f2981fa05d4dcc896bb89c3e12bfae9ade8a94f81fd89b464fd5c7"
    },
    "Metadata": {
        "Content-Encoding": "ISO-8859-1",
        "Content-Type": "text/plain; charset=ISO-8859-1",
        "X-Parsed-By": [
            "org.apache.tika.parser.DefaultParser",
            "org.apache.tika.parser.csv.TextAndCSVParser"
        ],
        "X-TIKA:content_handler": "ToTextContentHandler",
        "X-TIKA:embedded_depth": "0",
        "X-TIKA:parse_time_millis": "1",
        "resourceName": "b'stderr1'"
    }
}