{
    "stderrb": {
        "modified": "2021-07-24 18:49:49.374803",
        "size": "1.72KB",
        "md5": "e5032e2b7d1bfd8fab28dfbdd8fbf83c",
        "sha256": "5bd1eb9fc4fff798ddc5d6a55b5aa8a7951d7eb344ed7d42425d30733565f35b"
    },
    "Metadata": {
        "Content-Encoding": "ISO-8859-1",
        "Content-Type": "text/plain; charset=ISO-8859-1",
        "X-Parsed-By": [
            "org.apache.tika.parser.DefaultParser",
            "org.apache.tika.parser.csv.TextAndCSVParser"
        ],
        "X-TIKA:content_handler": "ToTextContentHandler",
        "X-TIKA:embedded_depth": "0",
        "X-TIKA:parse_time_millis": "0",
        "resourceName": "b'stderrb'"
    }
}