{
    "stderr6": {
        "modified": "2021-07-24 18:49:48.931478",
        "size": "1.18KB",
        "md5": "f927e5005e01ed4713e67ef90d3441df",
        "sha256": "c1e9493bed984725417e9728090a53780dcc1ff3110d5bb5f14b87e164df43c7"
    },
    "Metadata": {
        "Content-Encoding": "ISO-8859-1",
        "Content-Type": "text/plain; charset=ISO-8859-1",
        "X-Parsed-By": [
            "org.apache.tika.parser.DefaultParser",
            "org.apache.tika.parser.csv.TextAndCSVParser"
        ],
        "X-TIKA:content_handler": "ToTextContentHandler",
        "X-TIKA:embedded_depth": "0",
        "X-TIKA:parse_time_millis": "0",
        "resourceName": "b'stderr6'"
    }
}