{
    "stderr1": {
        "modified": "2021-07-24 18:49:48.931478",
        "size": "2.23KB",
        "md5": "c0b8733a7c4df4d7ffa9b135e87f07cd",
        "sha256": "c3838b74a377a5faad454e7ecf26e59409334aa8b71e585e8082eb0d540f460a"
    },
    "Metadata": {
        "Content-Encoding": "ISO-8859-1",
        "Content-Type": "text/plain; charset=ISO-8859-1",
        "X-Parsed-By": [
            "org.apache.tika.parser.DefaultParser",
            "org.apache.tika.parser.csv.TextAndCSVParser"
        ],
        "X-TIKA:content_handler": "ToTextContentHandler",
        "X-TIKA:embedded_depth": "0",
        "X-TIKA:parse_time_millis": "0",
        "resourceName": "b'stderr1'"
    }
}