{
    "dowhile.txt": {
        "modified": "2021-07-24 18:49:56.001346",
        "size": "0.08KB",
        "md5": "dcd14501e2b56a0df620df138279d4e9",
        "sha256": "29aedf3924e814829335fb63a7291a9617a41336af6699cc0b958a29f8ff12dd"
    },
    "Metadata": {
        "Content-Encoding": "ISO-8859-1",
        "Content-Type": "text/plain; charset=ISO-8859-1",
        "X-Parsed-By": [
            "org.apache.tika.parser.DefaultParser",
            "org.apache.tika.parser.csv.TextAndCSVParser"
        ],
        "X-TIKA:content_handler": "ToTextContentHandler",
        "X-TIKA:embedded_depth": "0",
        "X-TIKA:parse_time_millis": "0",
        "resourceName": "b'dowhile.txt'"
    }
}