{
    "preference.txt": {
        "modified": "2021-07-24 18:49:56.001346",
        "size": "0.06KB",
        "md5": "af5f9232582a7406d3ea00e740068c75",
        "sha256": "59714e46545b07887df270cc6ccf61ffb77a343b0fa34b0f18e8d35aad9dccc5"
    },
    "Metadata": {
        "Content-Encoding": "ISO-8859-1",
        "Content-Type": "text/plain; charset=ISO-8859-1",
        "X-Parsed-By": [
            "org.apache.tika.parser.DefaultParser",
            "org.apache.tika.parser.csv.TextAndCSVParser"
        ],
        "X-TIKA:content_handler": "ToTextContentHandler",
        "X-TIKA:embedded_depth": "0",
        "X-TIKA:parse_time_millis": "0",
        "resourceName": "b'preference.txt'"
    }
}