{
    "SSIConfig01.txt": {
        "modified": "2021-07-24 18:49:56.001346",
        "size": "0.04KB",
        "md5": "f257c3c82aad44fe8b0d2380fd8e72aa",
        "sha256": "813728d2c17903cd930804c224b729e7347f5f63d63eed777425160b5fe8da9c"
    },
    "Metadata": {
        "Content-Encoding": "ISO-8859-1",
        "Content-Type": "text/plain; charset=ISO-8859-1",
        "X-Parsed-By": [
            "org.apache.tika.parser.DefaultParser",
            "org.apache.tika.parser.csv.TextAndCSVParser"
        ],
        "X-TIKA:content_handler": "ToTextContentHandler",
        "X-TIKA:embedded_depth": "0",
        "X-TIKA:parse_time_millis": "1",
        "resourceName": "b'SSIConfig01.txt'"
    }
}