{
    "SSIConfig03.txt": {
        "modified": "2021-07-24 18:49:56.001346",
        "size": "0.01KB",
        "md5": "35b233471b1a9709a197b2549dc25b73",
        "sha256": "b3c170800385f32f196515135a812158a5ee9c68804b6d4d6d8327c0fede1d5f"
    },
    "Metadata": {
        "Content-Encoding": "ISO-8859-1",
        "Content-Type": "text/plain; charset=ISO-8859-1",
        "X-Parsed-By": [
            "org.apache.tika.parser.DefaultParser",
            "org.apache.tika.parser.csv.TextAndCSVParser"
        ],
        "X-TIKA:content_handler": "ToTextContentHandler",
        "X-TIKA:embedded_depth": "0",
        "X-TIKA:parse_time_millis": "0",
        "resourceName": "b'SSIConfig03.txt'"
    }
}