{
    "SSIConditional08.txt": {
        "modified": "2021-07-24 18:49:56.001346",
        "size": "0.01KB",
        "md5": "b4461691e5f9f480090dc610dc679eb5",
        "sha256": "d0f7c260e917ba91d694a46452ffd849a93e7d96958c6e30bd3f2382f5560e4d"
    },
    "Metadata": {
        "Content-Encoding": "ISO-8859-1",
        "Content-Type": "text/plain; charset=ISO-8859-1",
        "X-Parsed-By": [
            "org.apache.tika.parser.DefaultParser",
            "org.apache.tika.parser.csv.TextAndCSVParser"
        ],
        "X-TIKA:content_handler": "ToTextContentHandler",
        "X-TIKA:embedded_depth": "0",
        "X-TIKA:parse_time_millis": "1",
        "resourceName": "b'SSIConditional08.txt'"
    }
}