{
    "SSIVarSub01.txt": {
        "modified": "2021-07-24 18:49:56.001346",
        "size": "0.03KB",
        "md5": "6293903da8be16dd9505afb8b923261a",
        "sha256": "fd62c7fa9be6635fb1e64da1981ea4794015363db73c5819ae23c172d97ffdf1"
    },
    "Metadata": {
        "Content-Encoding": "ISO-8859-1",
        "Content-Type": "text/plain; charset=ISO-8859-1",
        "X-Parsed-By": [
            "org.apache.tika.parser.DefaultParser",
            "org.apache.tika.parser.csv.TextAndCSVParser"
        ],
        "X-TIKA:content_handler": "ToTextContentHandler",
        "X-TIKA:embedded_depth": "0",
        "X-TIKA:parse_time_millis": "1",
        "resourceName": "b'SSIVarSub01.txt'"
    }
}