{
    "stderrb": {
        "modified": "2021-07-24 18:49:48.121493",
        "size": "1.77KB",
        "md5": "8b8cbc4417b0c62b0f9aaf4d6ac3b048",
        "sha256": "1d691455f07c26916727c5ea08c9e8dcc8a96cd3a382e5bbff5f8581f3c1fa6c"
    },
    "Metadata": {
        "Content-Encoding": "ISO-8859-1",
        "Content-Type": "text/plain; charset=ISO-8859-1",
        "X-Parsed-By": [
            "org.apache.tika.parser.DefaultParser",
            "org.apache.tika.parser.csv.TextAndCSVParser"
        ],
        "X-TIKA:content_handler": "ToTextContentHandler",
        "X-TIKA:embedded_depth": "0",
        "X-TIKA:parse_time_millis": "1",
        "resourceName": "b'stderrb'"
    }
}