{
    "snap28.rgb": {
        "modified": "1995-04-26 14:05:26",
        "size": "16.9KB",
        "md5": "c3aa294b3b932dda90dfc8a043f92fa0",
        "sha256": "2da2bbbf1da97faa2dabf761c6942c54e6723fe4bf2b66ace657a020b0129573"
    },
    "Metadata": {
        "Content-Type": "image/x-rgb",
        "X-Parsed-By": "org.apache.tika.parser.EmptyParser",
        "X-TIKA:embedded_depth": "0",
        "X-TIKA:parse_time_millis": "0",
        "resourceName": "b'snap28.rgb'"
    }
}