{
    "stderra": {
        "modified": "2021-07-24 18:49:48.931478",
        "size": "1.67KB",
        "md5": "f21926f6acb1e8232b7f606fe6b8b869",
        "sha256": "add97d33dca31a66c5acb9d2dc503465ac174e40713ab23163ee14d4f384479f"
    },
    "Metadata": {
        "Content-Encoding": "ISO-8859-1",
        "Content-Type": "text/plain; charset=ISO-8859-1",
        "X-Parsed-By": [
            "org.apache.tika.parser.DefaultParser",
            "org.apache.tika.parser.csv.TextAndCSVParser"
        ],
        "X-TIKA:content_handler": "ToTextContentHandler",
        "X-TIKA:embedded_depth": "0",
        "X-TIKA:parse_time_millis": "1",
        "resourceName": "b'stderra'"
    }
}