{
    "stdout2": {
        "modified": "2020-10-06 13:42:11.168406",
        "size": "0.21KB",
        "md5": "a01db23a09600d4c0b7a801460b4d4ef",
        "sha256": "88da671fa8f33a0c2d9fc9f5f345cdc89679712918ba492f416a1e7e2e1d5387"
    },
    "Metadata": {
        "Content-Encoding": "ISO-8859-1",
        "Content-Type": "text/plain; charset=ISO-8859-1",
        "X-Parsed-By": [
            "org.apache.tika.parser.DefaultParser",
            "org.apache.tika.parser.csv.TextAndCSVParser"
        ],
        "X-TIKA:content_handler": "ToTextContentHandler",
        "X-TIKA:embedded_depth": "0",
        "X-TIKA:parse_time_millis": "0",
        "resourceName": "b'stdout2'"
    }
}