{
    "image02.rgb": {
        "modified": "1995-04-18 13:39:16",
        "size": "11.54KB",
        "md5": "643438a8f0e6c0b43c5f5dfad3541bc9",
        "sha256": "7f7ba1544b3cfea4143cfa6c571061cac2c0ff6a4a58bc431ef1d6cbc88587bc"
    },
    "Metadata": {
        "Content-Type": "image/x-rgb",
        "X-Parsed-By": "org.apache.tika.parser.EmptyParser",
        "X-TIKA:embedded_depth": "0",
        "X-TIKA:parse_time_millis": "1",
        "resourceName": "b'image02.rgb'"
    }
}