{
    "stderr3": {
        "modified": "2021-07-24 18:49:49.374803",
        "size": "38.65KB",
        "md5": "e2a997b0c488f1a72d6c7f3aa2bf4d8c",
        "sha256": "2e06a69d5dba21c12adea8660cd16caa470f4e5f44b92565124f92270ad10772"
    },
    "Metadata": {
        "Content-Encoding": "ISO-8859-1",
        "Content-Type": "text/plain; charset=ISO-8859-1",
        "X-Parsed-By": [
            "org.apache.tika.parser.DefaultParser",
            "org.apache.tika.parser.csv.TextAndCSVParser"
        ],
        "X-TIKA:content_handler": "ToTextContentHandler",
        "X-TIKA:embedded_depth": "0",
        "X-TIKA:parse_time_millis": "2",
        "resourceName": "b'stderr3'"
    }
}