{
    "stdout3": {
        "modified": "2021-07-24 18:49:48.118160",
        "size": "0.17KB",
        "md5": "a2c3b3780ba24fc2c51c69af733ef399",
        "sha256": "85634981937c3199a97cd146917166a16ad714c3005fb70e7fbedb659c1454ee"
    },
    "Metadata": {
        "Content-Encoding": "ISO-8859-1",
        "Content-Type": "text/plain; charset=ISO-8859-1",
        "X-Parsed-By": [
            "org.apache.tika.parser.DefaultParser",
            "org.apache.tika.parser.csv.TextAndCSVParser"
        ],
        "X-TIKA:content_handler": "ToTextContentHandler",
        "X-TIKA:embedded_depth": "0",
        "X-TIKA:parse_time_millis": "0",
        "resourceName": "b'stdout3'"
    }
}